---
source: tui/src/app/tests/model_catalog.rs
expression: model_migration_copy_to_plain_text(&copy)
---
Introducing GPT-5.5

GPT-5.5 is now available in Codex. It's our strongest agentic coding model yet, built to reason through large codebases, check assumptions with tools, and keep going until the work is done.

Learn more: https://openai.com/index/introducing-gpt-5-5/

You can always keep using GPT-5.4 if you prefer.
